08-27 20:07:25.562  4162  4185 I TestRunner: started: order_reset_after_cancel_from_entree_menu(com.example.lunchtray.OrderFunctionalityTests)
08-27 20:07:25.578  4162  4185 W Settings: Setting always_finish_activities has moved from android.provider.Settings.System to android.provider.Settings.Global, returning read-only value.
08-27 20:07:25.589  1314  1314 I QTI PowerHAL: Power setMode: 5 to: 1
08-27 20:07:25.596  1307  1555 I SDM     : HWCDisplayBuiltIn::GetOptimalRefreshRate: active_refresh_rate_: 60
08-27 20:07:25.603  1307  1555 I SDM     : HWCDisplayBuiltIn::GetOptimalRefreshRate: active_refresh_rate_: 60
08-27 20:07:25.613  1307  1555 I SDM     : HWCDisplayBuiltIn::GetOptimalRefreshRate: active_refresh_rate_: 60
08-27 20:07:25.620  4162  4162 D LifecycleMonitor: Lifecycle status change: androidx.test.core.app.InstrumentationActivityInvoker$BootstrapActivity@5d75076 in: PRE_ON_CREATE
08-27 20:07:25.622  1307  1555 I SDM     : HWCDisplayBuiltIn::GetOptimalRefreshRate: active_refresh_rate_: 60
08-27 20:07:25.622  4162  4162 V ActivityScenario: Activity lifecycle changed event received but ignored because the intent does not match. startActivityIntent=Intent { act=android.intent.action.MAIN cat=[android.intent.category.LAUNCHER] cmp=com.example.lunchtray/.MainActivity }, activity.getIntent()=Intent { act=android.intent.action.MAIN cat=[android.intent.category.LAUNCHER] flg=0x10008000 cmp=com.example.lunchtray/androidx.test.core.app.InstrumentationActivityInvoker$BootstrapActivity (has extras) }, activity=androidx.test.core.app.InstrumentationActivityInvoker$BootstrapActivity@5d75076
08-27 20:07:25.623  4162  4162 V ActivityScenario: Activity lifecycle changed event received but ignored because the intent does not match. startActivityIntent=Intent { act=android.intent.action.MAIN cat=[android.intent.category.LAUNCHER] cmp=com.example.lunchtray/.MainActivity }, activity.getIntent()=Intent { act=android.intent.action.MAIN cat=[android.intent.category.LAUNCHER] flg=0x10008000 cmp=com.example.lunchtray/androidx.test.core.app.InstrumentationActivityInvoker$BootstrapActivity (has extras) }, activity=androidx.test.core.app.InstrumentationActivityInvoker$BootstrapActivity@5d75076
08-27 20:07:25.624  4162  4162 V ActivityScenario: Activity lifecycle changed event received but ignored because the intent does not match. startActivityIntent=Intent { act=android.intent.action.MAIN cat=[android.intent.category.LAUNCHER] cmp=com.example.lunchtray/.MainActivity }, activity.getIntent()=Intent { act=android.intent.action.MAIN cat=[android.intent.category.LAUNCHER] flg=0x10008000 cmp=com.example.lunchtray/androidx.test.core.app.InstrumentationActivityInvoker$BootstrapActivity (has extras) }, activity=androidx.test.core.app.InstrumentationActivityInvoker$BootstrapActivity@5d75076
08-27 20:07:25.625  4162  4162 V ActivityScenario: Activity lifecycle changed event received but ignored because the intent does not match. startActivityIntent=Intent { act=android.intent.action.MAIN cat=[android.intent.category.LAUNCHER] cmp=com.example.lunchtray/.MainActivity }, activity.getIntent()=Intent { act=android.intent.action.MAIN cat=[android.intent.category.LAUNCHER] flg=0x10008000 cmp=com.example.lunchtray/androidx.test.core.app.InstrumentationActivityInvoker$BootstrapActivity (has extras) }, activity=androidx.test.core.app.InstrumentationActivityInvoker$BootstrapActivity@5d75076
08-27 20:07:25.629  1307  1555 I SDM     : HWCDisplayBuiltIn::GetOptimalRefreshRate: active_refresh_rate_: 60
08-27 20:07:25.637  4162  4162 D LifecycleMonitor: Lifecycle status change: androidx.test.core.app.InstrumentationActivityInvoker$BootstrapActivity@5d75076 in: CREATED
08-27 20:07:25.639 27231 27358 I OpenGLRenderer: Davey! duration=9222821456780ms; Flags=1, FrameTimelineVsyncId=57596643, IntendedVsync=550580073908359, Vsync=550580073908359, InputEventId=0, HandleInputStart=550580077114302, AnimationStart=550580077116489, PerformTraversalsStart=550580077208416, DrawStart=550580087876022, FrameDeadline=550580089575025, FrameInterval=550580077107739, FrameStartTime=8333333, SyncQueued=550580088109043, SyncStart=550580088273574, IssueDrawCommandsStart=550580088470761, SwapBuffers=550580093070085, FrameCompleted=9223372036854775807, DequeueBufferDuration=2414323, QueueBufferDuration=1059792, GpuCompleted=9223372036854775807, SwapBuffersCompleted=550580094702324, DisplayPresentTime=0,
08-27 20:07:25.642  4162  4162 V ActivityScenario: Activity lifecycle changed event received but ignored because the intent does not match. startActivityIntent=Intent { act=android.intent.action.MAIN cat=[android.intent.category.LAUNCHER] cmp=com.example.lunchtray/.MainActivity }, activity.getIntent()=Intent { act=android.intent.action.MAIN cat=[android.intent.category.LAUNCHER] flg=0x10008000 cmp=com.example.lunchtray/androidx.test.core.app.InstrumentationActivityInvoker$BootstrapActivity (has extras) }, activity=androidx.test.core.app.InstrumentationActivityInvoker$BootstrapActivity@5d75076
08-27 20:07:25.643  4162  4162 V ActivityScenario: Activity lifecycle changed event received but ignored because the intent does not match. startActivityIntent=Intent { act=android.intent.action.MAIN cat=[android.intent.category.LAUNCHER] cmp=com.example.lunchtray/.MainActivity }, activity.getIntent()=Intent { act=android.intent.action.MAIN cat=[android.intent.category.LAUNCHER] flg=0x10008000 cmp=com.example.lunchtray/androidx.test.core.app.InstrumentationActivityInvoker$BootstrapActivity (has extras) }, activity=androidx.test.core.app.InstrumentationActivityInvoker$BootstrapActivity@5d75076
08-27 20:07:25.643  4162  4162 V ActivityScenario: Activity lifecycle changed event received but ignored because the intent does not match. startActivityIntent=Intent { act=android.intent.action.MAIN cat=[android.intent.category.LAUNCHER] cmp=com.example.lunchtray/.MainActivity }, activity.getIntent()=Intent { act=android.intent.action.MAIN cat=[android.intent.category.LAUNCHER] flg=0x10008000 cmp=com.example.lunchtray/androidx.test.core.app.InstrumentationActivityInvoker$BootstrapActivity (has extras) }, activity=androidx.test.core.app.InstrumentationActivityInvoker$BootstrapActivity@5d75076
08-27 20:07:25.644  4162  4162 V ActivityScenario: Activity lifecycle changed event received but ignored because the intent does not match. startActivityIntent=Intent { act=android.intent.action.MAIN cat=[android.intent.category.LAUNCHER] cmp=com.example.lunchtray/.MainActivity }, activity.getIntent()=Intent { act=android.intent.action.MAIN cat=[android.intent.category.LAUNCHER] flg=0x10008000 cmp=com.example.lunchtray/androidx.test.core.app.InstrumentationActivityInvoker$BootstrapActivity (has extras) }, activity=androidx.test.core.app.InstrumentationActivityInvoker$BootstrapActivity@5d75076
08-27 20:07:25.644  1314  1314 I QTI PowerHAL: Power setBoost: 0, duration: 0
08-27 20:07:25.646  4162  4162 D LifecycleMonitor: Lifecycle status change: androidx.test.core.app.InstrumentationActivityInvoker$BootstrapActivity@5d75076 in: STARTED
08-27 20:07:25.647  4162  4162 V ActivityScenario: Activity lifecycle changed event received but ignored because the intent does not match. startActivityIntent=Intent { act=android.intent.action.MAIN cat=[android.intent.category.LAUNCHER] cmp=com.example.lunchtray/.MainActivity }, activity.getIntent()=Intent { act=android.intent.action.MAIN cat=[android.intent.category.LAUNCHER] flg=0x10008000 cmp=com.example.lunchtray/androidx.test.core.app.InstrumentationActivityInvoker$BootstrapActivity (has extras) }, activity=androidx.test.core.app.InstrumentationActivityInvoker$BootstrapActivity@5d75076
08-27 20:07:25.647  4162  4162 V ActivityScenario: Activity lifecycle changed event received but ignored because the intent does not match. startActivityIntent=Intent { act=android.intent.action.MAIN cat=[android.intent.category.LAUNCHER] cmp=com.example.lunchtray/.MainActivity }, activity.getIntent()=Intent { act=android.intent.action.MAIN cat=[android.intent.category.LAUNCHER] flg=0x10008000 cmp=com.example.lunchtray/androidx.test.core.app.InstrumentationActivityInvoker$BootstrapActivity (has extras) }, activity=androidx.test.core.app.InstrumentationActivityInvoker$BootstrapActivity@5d75076
08-27 20:07:25.648  4162  4162 V ActivityScenario: Activity lifecycle changed event received but ignored because the intent does not match. startActivityIntent=Intent { act=android.intent.action.MAIN cat=[android.intent.category.LAUNCHER] cmp=com.example.lunchtray/.MainActivity }, activity.getIntent()=Intent { act=android.intent.action.MAIN cat=[android.intent.category.LAUNCHER] flg=0x10008000 cmp=com.example.lunchtray/androidx.test.core.app.InstrumentationActivityInvoker$BootstrapActivity (has extras) }, activity=androidx.test.core.app.InstrumentationActivityInvoker$BootstrapActivity@5d75076
08-27 20:07:25.648  4162  4162 V ActivityScenario: Activity lifecycle changed event received but ignored because the intent does not match. startActivityIntent=Intent { act=android.intent.action.MAIN cat=[android.intent.category.LAUNCHER] cmp=com.example.lunchtray/.MainActivity }, activity.getIntent()=Intent { act=android.intent.action.MAIN cat=[android.intent.category.LAUNCHER] flg=0x10008000 cmp=com.example.lunchtray/androidx.test.core.app.InstrumentationActivityInvoker$BootstrapActivity (has extras) }, activity=androidx.test.core.app.InstrumentationActivityInvoker$BootstrapActivity@5d75076
08-27 20:07:25.653  1314  1314 I QTI PowerHAL: Power setMode: 5 to: 1
08-27 20:07:25.654  1307  1555 I SDM     : HWCDisplayBuiltIn::GetOptimalRefreshRate: active_refresh_rate_: 60
08-27 20:07:25.658  4162  4162 D LifecycleMonitor: Lifecycle status change: androidx.test.core.app.InstrumentationActivityInvoker$BootstrapActivity@5d75076 in: RESUMED
08-27 20:07:25.659  4162  4162 V ActivityScenario: Activity lifecycle changed event received but ignored because the intent does not match. startActivityIntent=Intent { act=android.intent.action.MAIN cat=[android.intent.category.LAUNCHER] cmp=com.example.lunchtray/.MainActivity }, activity.getIntent()=Intent { act=android.intent.action.MAIN cat=[android.intent.category.LAUNCHER] flg=0x10008000 cmp=com.example.lunchtray/androidx.test.core.app.InstrumentationActivityInvoker$BootstrapActivity (has extras) }, activity=androidx.test.core.app.InstrumentationActivityInvoker$BootstrapActivity@5d75076
08-27 20:07:25.659  4162  4162 V ActivityScenario: Activity lifecycle changed event received but ignored because the intent does not match. startActivityIntent=Intent { act=android.intent.action.MAIN cat=[android.intent.category.LAUNCHER] cmp=com.example.lunchtray/.MainActivity }, activity.getIntent()=Intent { act=android.intent.action.MAIN cat=[android.intent.category.LAUNCHER] flg=0x10008000 cmp=com.example.lunchtray/androidx.test.core.app.InstrumentationActivityInvoker$BootstrapActivity (has extras) }, activity=androidx.test.core.app.InstrumentationActivityInvoker$BootstrapActivity@5d75076
08-27 20:07:25.660  4162  4162 V ActivityScenario: Activity lifecycle changed event received but ignored because the intent does not match. startActivityIntent=Intent { act=android.intent.action.MAIN cat=[android.intent.category.LAUNCHER] cmp=com.example.lunchtray/.MainActivity }, activity.getIntent()=Intent { act=android.intent.action.MAIN cat=[android.intent.category.LAUNCHER] flg=0x10008000 cmp=com.example.lunchtray/androidx.test.core.app.InstrumentationActivityInvoker$BootstrapActivity (has extras) }, activity=androidx.test.core.app.InstrumentationActivityInvoker$BootstrapActivity@5d75076
08-27 20:07:25.661  4162  4162 V ActivityScenario: Activity lifecycle changed event received but ignored because the intent does not match. startActivityIntent=Intent { act=android.intent.action.MAIN cat=[android.intent.category.LAUNCHER] cmp=com.example.lunchtray/.MainActivity }, activity.getIntent()=Intent { act=android.intent.action.MAIN cat=[android.intent.category.LAUNCHER] flg=0x10008000 cmp=com.example.lunchtray/androidx.test.core.app.InstrumentationActivityInvoker$BootstrapActivity (has extras) }, activity=androidx.test.core.app.InstrumentationActivityInvoker$BootstrapActivity@5d75076
08-27 20:07:25.663  4162  4162 D LifecycleMonitor: Lifecycle status change: androidx.test.core.app.InstrumentationActivityInvoker$BootstrapActivity@5d75076 in: PAUSED
08-27 20:07:25.664  4162  4162 V ActivityScenario: Activity lifecycle changed event received but ignored because the intent does not match. startActivityIntent=Intent { act=android.intent.action.MAIN cat=[android.intent.category.LAUNCHER] cmp=com.example.lunchtray/.MainActivity }, activity.getIntent()=Intent { act=android.intent.action.MAIN cat=[android.intent.category.LAUNCHER] flg=0x10008000 cmp=com.example.lunchtray/androidx.test.core.app.InstrumentationActivityInvoker$BootstrapActivity (has extras) }, activity=androidx.test.core.app.InstrumentationActivityInvoker$BootstrapActivity@5d75076
08-27 20:07:25.665  4162  4162 V ActivityScenario: Activity lifecycle changed event received but ignored because the intent does not match. startActivityIntent=Intent { act=android.intent.action.MAIN cat=[android.intent.category.LAUNCHER] cmp=com.example.lunchtray/.MainActivity }, activity.getIntent()=Intent { act=android.intent.action.MAIN cat=[android.intent.category.LAUNCHER] flg=0x10008000 cmp=com.example.lunchtray/androidx.test.core.app.InstrumentationActivityInvoker$BootstrapActivity (has extras) }, activity=androidx.test.core.app.InstrumentationActivityInvoker$BootstrapActivity@5d75076
08-27 20:07:25.665  1307  1555 I SDM     : HWCDisplayBuiltIn::GetOptimalRefreshRate: active_refresh_rate_: 60
08-27 20:07:25.665  4162  4162 V ActivityScenario: Activity lifecycle changed event received but ignored because the intent does not match. startActivityIntent=Intent { act=android.intent.action.MAIN cat=[android.intent.category.LAUNCHER] cmp=com.example.lunchtray/.MainActivity }, activity.getIntent()=Intent { act=android.intent.action.MAIN cat=[android.intent.category.LAUNCHER] flg=0x10008000 cmp=com.example.lunchtray/androidx.test.core.app.InstrumentationActivityInvoker$BootstrapActivity (has extras) }, activity=androidx.test.core.app.InstrumentationActivityInvoker$BootstrapActivity@5d75076
08-27 20:07:25.666  4162  4162 V ActivityScenario: Activity lifecycle changed event received but ignored because the intent does not match. startActivityIntent=Intent { act=android.intent.action.MAIN cat=[android.intent.category.LAUNCHER] cmp=com.example.lunchtray/.MainActivity }, activity.getIntent()=Intent { act=android.intent.action.MAIN cat=[android.intent.category.LAUNCHER] flg=0x10008000 cmp=com.example.lunchtray/androidx.test.core.app.InstrumentationActivityInvoker$BootstrapActivity (has extras) }, activity=androidx.test.core.app.InstrumentationActivityInvoker$BootstrapActivity@5d75076
08-27 20:07:25.678  4162  4162 D LifecycleMonitor: Lifecycle status change: com.example.lunchtray.MainActivity@44c7950 in: PRE_ON_CREATE
08-27 20:07:25.678  4162  4162 V ActivityScenario: Activity lifecycle changed event received but ignored because the reported transition was not ON_CREATE while the last known transition was DESTROYED
08-27 20:07:25.679  4162  4162 V ActivityScenario: Activity lifecycle changed event received but ignored because the reported transition was not ON_CREATE while the last known transition was DESTROYED
08-27 20:07:25.679  1307  1555 I SDM     : HWCDisplayBuiltIn::GetOptimalRefreshRate: active_refresh_rate_: 60
08-27 20:07:25.679  4162  4162 V ActivityScenario: Activity lifecycle changed event received but ignored because the reported transition was not ON_CREATE while the last known transition was DESTROYED
08-27 20:07:25.679  4162  4162 V ActivityScenario: Activity lifecycle changed event received but ignored because the reported transition was not ON_CREATE while the last known transition was PRE_ON_CREATE
08-27 20:07:25.687  1307  1555 I SDM     : HWCDisplayBuiltIn::GetOptimalRefreshRate: active_refresh_rate_: 60
08-27 20:07:25.696  1307  1555 I SDM     : HWCDisplayBuiltIn::GetOptimalRefreshRate: active_refresh_rate_: 60
08-27 20:07:25.698 19745 19745 I GsaVoiceInteractionSrv: Handling ACTION_STOP_HOTWORD
08-27 20:07:25.704  1307  1555 I SDM     : HWCDisplayBuiltIn::GetOptimalRefreshRate: active_refresh_rate_: 60
08-27 20:07:25.709  4162  4162 D LifecycleMonitor: Lifecycle status change: com.example.lunchtray.MainActivity@44c7950 in: CREATED
08-27 20:07:25.709  4162  4162 V ActivityScenario: Update currentActivityStage to CREATED, currentActivity=com.example.lunchtray.MainActivity@44c7950
08-27 20:07:25.710  4162  4162 V ActivityScenario: Update currentActivityStage to CREATED, currentActivity=com.example.lunchtray.MainActivity@44c7950
08-27 20:07:25.710  4162  4162 V ActivityScenario: Update currentActivityStage to CREATED, currentActivity=com.example.lunchtray.MainActivity@44c7950
08-27 20:07:25.711  4162  4162 V ActivityScenario: Update currentActivityStage to CREATED, currentActivity=com.example.lunchtray.MainActivity@44c7950
08-27 20:07:25.712  1307  1555 I SDM     : HWCDisplayBuiltIn::GetOptimalRefreshRate: active_refresh_rate_: 60
08-27 20:07:25.721  1307  1555 I SDM     : HWCDisplayBuiltIn::GetOptimalRefreshRate: active_refresh_rate_: 60
08-27 20:07:25.722  4162  4162 D LifecycleMonitor: Lifecycle status change: com.example.lunchtray.MainActivity@44c7950 in: STARTED
08-27 20:07:25.723  4162  4162 V ActivityScenario: Update currentActivityStage to STARTED, currentActivity=com.example.lunchtray.MainActivity@44c7950
08-27 20:07:25.723  4162  4162 V ActivityScenario: Update currentActivityStage to STARTED, currentActivity=com.example.lunchtray.MainActivity@44c7950
08-27 20:07:25.723  4162  4162 V ActivityScenario: Update currentActivityStage to STARTED, currentActivity=com.example.lunchtray.MainActivity@44c7950
08-27 20:07:25.723  4162  4162 V ActivityScenario: Update currentActivityStage to STARTED, currentActivity=com.example.lunchtray.MainActivity@44c7950
08-27 20:07:25.725  4162  4162 D LifecycleMonitor: Lifecycle status change: com.example.lunchtray.MainActivity@44c7950 in: RESUMED
08-27 20:07:25.726  4162  4162 V ActivityScenario: Update currentActivityStage to RESUMED, currentActivity=com.example.lunchtray.MainActivity@44c7950
08-27 20:07:25.726  4162  4162 V ActivityScenario: Update currentActivityStage to RESUMED, currentActivity=com.example.lunchtray.MainActivity@44c7950
08-27 20:07:25.726  4162  4162 V ActivityScenario: Update currentActivityStage to RESUMED, currentActivity=com.example.lunchtray.MainActivity@44c7950
08-27 20:07:25.727  4162  4162 V ActivityScenario: Update currentActivityStage to RESUMED, currentActivity=com.example.lunchtray.MainActivity@44c7950
08-27 20:07:25.729  1307  1555 I SDM     : HWCDisplayBuiltIn::GetOptimalRefreshRate: active_refresh_rate_: 60
08-27 20:07:25.737  1307  1555 I SDM     : HWCDisplayBuiltIn::GetOptimalRefreshRate: active_refresh_rate_: 60
08-27 20:07:25.746  1307  1555 I SDM     : HWCDisplayBuiltIn::GetOptimalRefreshRate: active_refresh_rate_: 60
08-27 20:07:25.752  1314  1314 I QTI PowerHAL: Power setBoost: 0, duration: 0
08-27 20:07:25.757  1307  1555 I SDM     : HWCDisplayBuiltIn::GetOptimalRefreshRate: active_refresh_rate_: 60
08-27 20:07:25.772  1307  1555 I SDM     : HWCDisplayBuiltIn::GetOptimalRefreshRate: active_refresh_rate_: 60
08-27 20:07:25.778 26757 26797 I ActivityTaskManager: Displayed com.example.lunchtray/.MainActivity: +188ms
08-27 20:07:25.782  1307  1555 I SDM     : HWCDisplayBuiltIn::GetOptimalRefreshRate: active_refresh_rate_: 60
08-27 20:07:25.784  4162  4162 D RootViewPicker: Root not ready - waiting: 10ms for one to appear.
08-27 20:07:25.791 31916 31916 I GoogleInputMethodService: GoogleInputMethodService.onFinishInput():3273
08-27 20:07:25.792 31916 31916 I GoogleInputMethodService: GoogleInputMethodService.updateDeviceLockedStatus():2165 repeatCheckTimes = 0, unlocked = true
08-27 20:07:25.792 31916 31916 I GoogleInputMethodService: GoogleInputMethodService.onStartInput():1956 onStartInput(EditorInfo{inputType=0x0(NULL) imeOptions=0x0 privateImeOptions=null actionName=UNSPECIFIED actionLabel=null actionId=0 initialSelStart=-1 initialSelEnd=-1 initialCapsMode=0x0 hintText=null label=null packageName=com.example.lunchtray fieldId=-1 fieldName=null extras=null}, false)
08-27 20:07:25.792 31916 31916 I GoogleInputMethodService: GoogleInputMethodService.shouldHideHeaderOnInitialState():4081 ShouldHideHeaderOnInitialState = false
08-27 20:07:25.792 31916 31916 I GoogleInputMethodService: GoogleInputMethodService.updateDeviceLockedStatus():2165 repeatCheckTimes = 2, unlocked = true
08-27 20:07:25.796  4162  4162 I ViewInteraction: Performing 'single click' action on view view.getId() is <2131231212/com.example.lunchtray:id/start_order_btn>
08-27 20:07:25.799  1314  1314 I QTI PowerHAL: Power setMode: 5 to: 0
08-27 20:07:25.805  1314  1314 I QTI PowerHAL: Power setBoost: 0, duration: 0
08-27 20:07:25.806  1314  1314 I QTI PowerHAL: Power setBoost: 0, duration: 0
08-27 20:07:25.807  1307  1555 I SDM     : HWCDisplayBuiltIn::GetOptimalRefreshRate: active_refresh_rate_: 60
08-27 20:07:25.822  1307  1555 I SDM     : HWCDisplayBuiltIn::GetOptimalRefreshRate: active_refresh_rate_: 60
08-27 20:07:25.839  1307  1555 I SDM     : HWCDisplayBuiltIn::GetOptimalRefreshRate: active_refresh_rate_: 60
08-27 20:07:25.855  1307  1555 I SDM     : HWCDisplayBuiltIn::GetOptimalRefreshRate: active_refresh_rate_: 60
08-27 20:07:25.872  1307  1555 I SDM     : HWCDisplayBuiltIn::GetOptimalRefreshRate: active_refresh_rate_: 60
08-27 20:07:25.889  1307  1555 I SDM     : HWCDisplayBuiltIn::GetOptimalRefreshRate: active_refresh_rate_: 60
08-27 20:07:25.906  1307  1555 I SDM     : HWCDisplayBuiltIn::GetOptimalRefreshRate: active_refresh_rate_: 60
08-27 20:07:25.922  1307  1555 I SDM     : HWCDisplayBuiltIn::GetOptimalRefreshRate: active_refresh_rate_: 60
08-27 20:07:25.926 17071 17151 I BtGatt.ScanManager: msg.what = 6
08-27 20:07:25.941 31758 31758 I A       : (REDACTED) onApplyWindowInsets: systemWindowInsets=%s
08-27 20:07:25.941 31758 31758 I A       : (REDACTED) onApplyWindowInsets: systemWindowInsets=%s
08-27 20:07:25.941  1307  1555 I SDM     : HWCDisplayBuiltIn::GetOptimalRefreshRate: active_refresh_rate_: 60
08-27 20:07:25.957  1307  1555 I SDM     : HWCDisplayBuiltIn::GetOptimalRefreshRate: active_refresh_rate_: 60
08-27 20:07:25.971  1307  1555 I SDM     : HWCDisplayBuiltIn::GetOptimalRefreshRate: active_refresh_rate_: 60
08-27 20:07:25.989  1307  1555 I SDM     : HWCDisplayBuiltIn::GetOptimalRefreshRate: active_refresh_rate_: 60
08-27 20:07:25.992  4162  4162 D LifecycleMonitor: Lifecycle status change: androidx.test.core.app.InstrumentationActivityInvoker$BootstrapActivity@5d75076 in: STOPPED
08-27 20:07:25.993  4162  4162 V ActivityScenario: Activity lifecycle changed event received but ignored because the intent does not match. startActivityIntent=Intent { act=android.intent.action.MAIN cat=[android.intent.category.LAUNCHER] cmp=com.example.lunchtray/.MainActivity }, activity.getIntent()=Intent { act=android.intent.action.MAIN cat=[android.intent.category.LAUNCHER] flg=0x10008000 cmp=com.example.lunchtray/androidx.test.core.app.InstrumentationActivityInvoker$BootstrapActivity (has extras) }, activity=androidx.test.core.app.InstrumentationActivityInvoker$BootstrapActivity@5d75076
08-27 20:07:25.993  4162  4162 V ActivityScenario: Activity lifecycle changed event received but ignored because the intent does not match. startActivityIntent=Intent { act=android.intent.action.MAIN cat=[android.intent.category.LAUNCHER] cmp=com.example.lunchtray/.MainActivity }, activity.getIntent()=Intent { act=android.intent.action.MAIN cat=[android.intent.category.LAUNCHER] flg=0x10008000 cmp=com.example.lunchtray/androidx.test.core.app.InstrumentationActivityInvoker$BootstrapActivity (has extras) }, activity=androidx.test.core.app.InstrumentationActivityInvoker$BootstrapActivity@5d75076
08-27 20:07:25.994  4162  4162 V ActivityScenario: Activity lifecycle changed event received but ignored because the intent does not match. startActivityIntent=Intent { act=android.intent.action.MAIN cat=[android.intent.category.LAUNCHER] cmp=com.example.lunchtray/.MainActivity }, activity.getIntent()=Intent { act=android.intent.action.MAIN cat=[android.intent.category.LAUNCHER] flg=0x10008000 cmp=com.example.lunchtray/androidx.test.core.app.InstrumentationActivityInvoker$BootstrapActivity (has extras) }, activity=androidx.test.core.app.InstrumentationActivityInvoker$BootstrapActivity@5d75076
08-27 20:07:25.994  4162  4162 V ActivityScenario: Activity lifecycle changed event received but ignored because the intent does not match. startActivityIntent=Intent { act=android.intent.action.MAIN cat=[android.intent.category.LAUNCHER] cmp=com.example.lunchtray/.MainActivity }, activity.getIntent()=Intent { act=android.intent.action.MAIN cat=[android.intent.category.LAUNCHER] flg=0x10008000 cmp=com.example.lunchtray/androidx.test.core.app.InstrumentationActivityInvoker$BootstrapActivity (has extras) }, activity=androidx.test.core.app.InstrumentationActivityInvoker$BootstrapActivity@5d75076
08-27 20:07:26.005  1307  1555 I SDM     : HWCDisplayBuiltIn::GetOptimalRefreshRate: active_refresh_rate_: 60
08-27 20:07:26.021  1307  1555 I SDM     : HWCDisplayBuiltIn::GetOptimalRefreshRate: active_refresh_rate_: 60
08-27 20:07:26.030  1307  1555 I SDM     : HWCDisplayBuiltIn::GetOptimalRefreshRate: active_refresh_rate_: 60
08-27 20:07:26.046  1307  1555 I SDM     : HWCDisplayBuiltIn::GetOptimalRefreshRate: active_refresh_rate_: 60
08-27 20:07:26.068 26757 29340 W InputManager-JNI: Input channel object '727db94 Splash Screen com.example.lunchtray (client)' was disposed without first being removed with the input manager!
08-27 20:07:26.069  1314  1314 I QTI PowerHAL: Power setBoost: 0, duration: 0
08-27 20:07:26.088  1307  1555 I SDM     : HWCDisplayBuiltIn::GetOptimalRefreshRate: active_refresh_rate_: 60
08-27 20:07:26.096  1307  1555 I SDM     : HWCDisplayBuiltIn::GetOptimalRefreshRate: active_refresh_rate_: 60
08-27 20:07:26.104  1307  1555 I SDM     : HWCDisplayBuiltIn::GetOptimalRefreshRate: active_refresh_rate_: 60
08-27 20:07:26.112  1307  1555 I SDM     : HWCDisplayBuiltIn::GetOptimalRefreshRate: active_refresh_rate_: 60
08-27 20:07:26.120  1307  1555 I SDM     : HWCDisplayBuiltIn::GetOptimalRefreshRate: active_refresh_rate_: 60
08-27 20:07:26.129  1307  1555 I SDM     : HWCDisplayBuiltIn::GetOptimalRefreshRate: active_refresh_rate_: 60
08-27 20:07:26.137  1307  1555 I SDM     : HWCDisplayBuiltIn::GetOptimalRefreshRate: active_refresh_rate_: 60
08-27 20:07:26.146  1307  1555 I SDM     : HWCDisplayBuiltIn::GetOptimalRefreshRate: active_refresh_rate_: 60
08-27 20:07:26.154  1307  1555 I SDM     : HWCDisplayBuiltIn::GetOptimalRefreshRate: active_refresh_rate_: 60
08-27 20:07:26.162  1307  1555 I SDM     : HWCDisplayBuiltIn::GetOptimalRefreshRate: active_refresh_rate_: 60
08-27 20:07:26.171  1307  1555 I SDM     : HWCDisplayBuiltIn::GetOptimalRefreshRate: active_refresh_rate_: 60
08-27 20:07:26.179  1307  1555 I SDM     : HWCDisplayBuiltIn::GetOptimalRefreshRate: active_refresh_rate_: 60
08-27 20:07:26.187  1307  1555 I SDM     : HWCDisplayBuiltIn::GetOptimalRefreshRate: active_refresh_rate_: 60
08-27 20:07:26.196  1307  1555 I SDM     : HWCDisplayBuiltIn::GetOptimalRefreshRate: active_refresh_rate_: 60
08-27 20:07:26.204  1307  1555 I SDM     : HWCDisplayBuiltIn::GetOptimalRefreshRate: active_refresh_rate_: 60
08-27 20:07:26.213  1307  1555 I SDM     : HWCDisplayBuiltIn::GetOptimalRefreshRate: active_refresh_rate_: 60
08-27 20:07:26.217  4162  4162 I ViewInteraction: Performing 'single click' action on view view.getId() is <2131230848/com.example.lunchtray:id/cauliflower>
08-27 20:07:26.221  1307  1555 I SDM     : HWCDisplayBuiltIn::GetOptimalRefreshRate: active_refresh_rate_: 60
08-27 20:07:26.225  1314  1314 I QTI PowerHAL: Power setBoost: 0, duration: 0
08-27 20:07:26.226  1314  1314 I QTI PowerHAL: Power setBoost: 0, duration: 0
08-27 20:07:26.232  1307  1555 I SDM     : HWCDisplayBuiltIn::GetOptimalRefreshRate: active_refresh_rate_: 60
08-27 20:07:26.286  1307  1555 I SDM     : HWCDisplayBuiltIn::GetOptimalRefreshRate: active_refresh_rate_: 60
08-27 20:07:26.361  1307  1555 I SDM     : HWCDisplayBuiltIn::GetOptimalRefreshRate: active_refresh_rate_: 60
08-27 20:07:26.378  1307  1555 I SDM     : HWCDisplayBuiltIn::GetOptimalRefreshRate: active_refresh_rate_: 60
08-27 20:07:26.506  4162  4162 I ViewInteraction: Performing 'single click' action on view view.getId() is <2131230846/com.example.lunchtray:id/cancel_button>
08-27 20:07:26.511  1314  1314 I QTI PowerHAL: Power setBoost: 0, duration: 0
08-27 20:07:26.511  1314  1314 I QTI PowerHAL: Power setBoost: 0, duration: 0
08-27 20:07:26.628  1307  1555 I SDM     : HWCDisplayBuiltIn::GetOptimalRefreshRate: active_refresh_rate_: 60
08-27 20:07:26.835  4162  4162 I ViewInteraction: Performing 'single click' action on view view.getId() is <2131231212/com.example.lunchtray:id/start_order_btn>
08-27 20:07:26.843  1314  1314 I QTI PowerHAL: Power setBoost: 0, duration: 0
08-27 20:07:26.844  1314  1314 I QTI PowerHAL: Power setBoost: 0, duration: 0
08-27 20:07:26.872  4162  4203 I OpenGLRenderer: Davey! duration=9222821455539ms; Flags=0, FrameTimelineVsyncId=57596979, IntendedVsync=550581315634330, Vsync=550581315634330, InputEventId=-77472306, HandleInputStart=550581316513957, AnimationStart=550581316518175, PerformTraversalsStart=550581316810207, DrawStart=550581316997967, FrameDeadline=550581331300996, FrameInterval=550581316505780, FrameStartTime=8333333, SyncQueued=550581323831614, SyncStart=550581323905832, IssueDrawCommandsStart=550581324031770, SwapBuffers=550581325688280, FrameCompleted=9223372036854775807, DequeueBufferDuration=43177, QueueBufferDuration=882083, GpuCompleted=9223372036854775807, SwapBuffersCompleted=550581327060260, DisplayPresentTime=0,
08-27 20:07:26.977  1307  1555 I SDM     : HWCDisplayBuiltIn::GetOptimalRefreshRate: active_refresh_rate_: 60
08-27 20:07:27.215  4162  4162 I ViewInteraction: Checking 'MatchesViewAssertion{viewMatcher=(view has effective visibility <VISIBLE> and view.getGlobalVisibleRect() to return non-empty rectangle)}' assertion on view an instance of android.widget.TextView and view.getText() with or without transformation to match: is "Subtotal: $0.00"
08-27 20:07:27.215  4162  4162 E ViewAssertions: '(view has effective visibility <VISIBLE> and view.getGlobalVisibleRect() to return non-empty rectangle)' check could not be performed because view 'an instance of android.widget.TextView and view.getText() with or without transformation to match: is "Subtotal: $0.00"' was not found.
08-27 20:07:27.216  4162  4185 E TestRunner: failed: order_reset_after_cancel_from_entree_menu(com.example.lunchtray.OrderFunctionalityTests)
08-27 20:07:27.216  4162  4185 E TestRunner: ----- begin exception -----
08-27 20:07:27.217  4162  4185 E TestRunner: androidx.test.espresso.NoMatchingViewException: No views in hierarchy found matching: an instance of android.widget.TextView and view.getText() with or without transformation to match: is "Subtotal: $0.00"
08-27 20:07:27.217  4162  4185 E TestRunner:
08-27 20:07:27.217  4162  4185 E TestRunner: View Hierarchy:
08-27 20:07:27.217  4162  4185 E TestRunner: +>DecorView{id=-1, visibility=VISIBLE, width=1080, height=2460, has-focus=false, has-focusable=true, has-window-focus=true, is-clickable=false, is-enabled=true, is-focused=false, is-focusable=false, is-layout-requested=false, is-selected=false, layout-params={(0,0)(fillxfill) ty=BASE_APPLICATION wanim=0x10302fe
08-27 20:07:27.217  4162  4185 E TestRunner:   fl=LAYOUT_IN_SCREEN LAYOUT_INSET_DECOR SPLIT_TOUCH HARDWARE_ACCELERATED DRAWS_SYSTEM_BAR_BACKGROUNDS
08-27 20:07:27.217  4162  4185 E TestRunner:   pfl=NO_MOVE_ANIMATION FORCE_DRAW_STATUS_BAR_BACKGROUND FIT_INSETS_CONTROLLED
08-27 20:07:27.217  4162  4185 E TestRunner:   bhv=DEFAULT
08-27 20:07:27.217  4162  4185 E TestRunner:   fitSides=}, tag=null, root-is-layout-requested=false, has-input-connection=false, x=0.0, y=0.0, child-count=3}
08-27 20:07:27.217  4162  4185 E TestRunner: |
08-27 20:07:27.217  4162  4185 E TestRunner: +->LinearLayout{id=-1, visibility=VISIBLE, width=1080, height=2400, has-focus=false, has-focusable=true, has-window-focus=true, is-clickable=false, is-enabled=true, is-focused=false, is-focusable=false, is-layout-requested=false, is-selected=false, layout-params=android.widget.FrameLayout$LayoutParams@bfe2a9a, tag=null, root-is-layout-requested=false, has-input-connection=false, x=0.0, y=0.0, child-count=2}
08-27 20:07:27.217  4162  4185 E TestRunner: |
08-27 20:07:27.217  4162  4185 E TestRunner: +-->ViewStub{id=16908720, res-name=action_mode_bar_stub, visibility=GONE, width=0, height=0, has-focus=false, has-focusable=false, has-window-focus=true, is-clickable=false, is-enabled=true, is-focused=false, is-focusable=false, is-layout-requested=true, is-selected=false, layout-params=android.widget.LinearLayout$LayoutParams@94f3fcb, tag=null, root-is-layout-requested=false, has-input-connection=false, x=0.0, y=0.0}
08-27 20:07:27.217  4162  4185 E TestRunner: |
08-27 20:07:27.217  4162  4185 E TestRunner: +-->FrameLayout{id=-1, visibility=VISIBLE, width=1080, height=2285, has-focus=false, has-focusable=true, has-window-focus=true, is-clickable=false, is-enabled=true, is-focused=false, is-focusable=false, is-layout-requested=false, is-selected=false, layout-params=android.widget.LinearLayout$LayoutParams@e3033a8, tag=null, root-is-layout-requested=false, has-input-connection=false, x=0.0, y=115.0, child-count=1}
08-27 20:07:27.217  4162  4185 E TestRunner: |
08-27 20:07:27.217  4162  4185 E TestRunner: +--->ActionBarOverlayLayout{id=2131230897, res-name=decor_content_parent, visibility=VISIBLE, width=1080, height=2285, has-focus=false, has-focusable=true, has-window-focus=true, is-clickable=false, is-enabled=true, is-focused=false, is-focusable=false, is-layout-requested=false, is-selected=false, layout-params=android.widget.FrameLayout$LayoutParams@6335ec1, tag=null, root-is-layout-requested=false, has-input-connection=false, x=0.0, y=0.0, child-count=2}
08-27 20:07:27.217  4162  4185 E TestRunner: |
08-27 20:07:27.217  4162  4185 E TestRunner: +---->ContentFrameLayout{id=16908290, res-name=content, visibility=VISIBLE, width=1080, height=2145, has-focus=false, has-focusable=true, has-window-focus=true, is-clickable=false, is-enabled=true, is-focused=false, is-focusable=false, is-layout-requested=false, is-selected=false, layout-params=androidx.appcompat.widget.ActionBarOverlayLayout$LayoutParams@5045666, tag=null, root-is-layout-requested=false, has-input-connection=false, x=0.0, y=140.0, child-count=1}
08-27 20:07:27.217  4162  4185 E TestRunner: |
08-27 20:07:27.217  4162  4185 E TestRunner: +----->ConstraintLayout{id=2131230881, res-name=container, visibility=VISIBLE, width=1080, height=2145, has-focus=false, has-focusable=true, has-window-focus=true, is-clickable=false, is-enabled=true, is-focused=false, is-focusable=false, is-layout-requested=false, is-selected=false, layout-params=android.widget.FrameLayout$LayoutParams@e100da7, tag=null, root-is-layout-requested=false, has-input-connection=false, x=0.0, y=0.0, child-count=1}
08-27 20:07:27.217  4162  4185 E TestRunner: |
08-27 20:07:27.217  4162  4185 E TestRunner: +------>FragmentContainerView{id=2131231073, res-name=nav_host_fragment, visibility=VISIBLE, width=1080, height=2145, has-focus=false, has-focusable=true, has-window-focus=true, is-clickable=false, is-enabled=true, is-focused=false, is-focusable=false, is-layout-requested=false, is-selected=false, layout-params=androidx.constraintlayout.widget.ConstraintLayout$LayoutParams@728e254, tag=null, root-is-layout-requested=false, has-input-connection=false, x=0.0, y=0.0, child-count=1}
08-27 20:07:27.217  4162  4185 E TestRunner: |
08-27 20:07:27.217  4162  4185 E TestRunner: +------->FragmentContainerView{id=2131231073, res-name=nav_host_fragment, visibility=VISIBLE, width=1080, height=2145, has-focus=false, has-focusable=true, has-window-focus=true, is-clickable=false, is-enabled=true, is-focused=false, is-focusable=false, is-layout-requested=false, is-selected=false, layout-params=android.widget.FrameLayout$LayoutParams@25625fd, tag=null, root-is-layout-requested=false, has-input-connection=false, x=0.0, y=0.0, child-count=1}
08-27 20:07:27.217  4162  4185 E TestRunner: |
08-27 20:07:27.217  4162  4185 E TestRunner: +-------->ScrollView{id=-1, visibility=VISIBLE, width=1080, height=1445, has-focus=false, has-focusable=true, has-window-focus=true, is-clickable=false, is-enabled=true, is-focused=false, is-focusable=true, is-layout-requested=false, is-selected=false, layout-params=android.widget.FrameLayout$LayoutParams@cef72f2, tag=null, root-is-layout-requested=false, has-input-connection=false, x=0.0, y=0.0, child-count=1}
08-27 20:07:27.217  4162  4185 E TestRunner: |
08-27 20:07:27.217  4162  4185 E TestRunner: +--------->ConstraintLayout{id=-1, visibility=VISIBLE, width=1080, height=1445, has-focus=false, has-focusable=true, has-window-focus=true, is-clickable=false, is-enabled=true, is-focused=false, is-focusable=false, is-layout-requested=false, is-selected=false, layout-params=android.widget.FrameLayout$LayoutParams@25dd43, tag=null, root-is-layout-requested=false, has-input-connection=false, x=0.0, y=0.0, child-count=5}
08-27 20:07:27.217  4162  4185 E TestRunner: |
08-27 20:07:27.217  4162  4185 E TestRunner: +---------->RadioGroup{id=2131230940, res-name=entree_options, visibility=VISIBLE, width=1000, height=1128, has-focus=false, has-focusable=true, has-window-focus=true, is-clickable=false, is-enabled=true, is-focused=false, is-focusable=false, is-layout-requested=false, is-selected=false, layout-params=androidx.constraintlayout.widget.ConstraintLayout$LayoutParams@e5bcfc0, tag=null, root-is-layout-requested=false, has-input-connection=false, x=40.0, y=0.0, child-count=15}
08-27 20:07:27.217  4162  4185 E TestRunner: |
08-27 20:07:27.217  4162  4185 E TestRunner: +----------->MaterialRadioButton{id=2131230848, res-name=cauliflower, visibility=VISIBLE, width=296, height=120, has-focus=false, has-focusable=true, has-window-focus=true, is-clickable=true, is-enabled=true, is-focused=false, is-focusable=true, is-layout-requested=false, is-selected=false, layout-params=android.widget.RadioGroup$LayoutParams@4e424f9, tag=null, root-is-layout-requested=false, has-input-connection=false, x=0.0, y=0.0, text=Cauliflower, input-type=0, ime-target=false, has-links=false, is-checked=false}
08-27 20:07:27.217  4162  4185 E TestRunner: |
08-27 20:07:27.217  4162  4185 E TestRunner: +----------->MaterialTextView{id=2131230849, res-name=cauliflower_description, visibility=VISIBLE, width=839, height=47, has-focus=false, has-focusable=false, has-window-focus=true, is-clickable=false, is-enabled=true, is-focused=false, is-focusable=false, is-layout-requested=false, is-selected=false, layout-params=android.widget.RadioGroup$LayoutParams@9fdcc3e, tag=null, root-is-layout-requested=false, has-input-connection=false, x=0.0, y=120.0, text=Whole cauliflower, brined, roasted, and deep fried, input-type=0, ime-target=false, has-links=false}
08-27 20:07:27.217  4162  4185 E TestRunner: |
08-27 20:07:27.217  4162  4185 E TestRunner: +----------->MaterialTextView{id=2131230850, res-name=cauliflower_price, visibility=VISIBLE, width=139, height=67, has-focus=false, has-focusable=false, has-window-focus=true, is-clickable=false, is-enabled=true, is-focused=false, is-focusable=false, is-layout-requested=false, is-selected=false, layout-params=android.widget.RadioGroup$LayoutParams@b3f0a9f, tag=null, root-is-layout-requested=false, has-input-connection=false, x=0.0, y=167.0, text=₱7.00, input-type=0, ime-target=false, has-links=false}
08-27 20:07:27.217  4162  4185 E TestRunner: |
08-27 20:07:27.217  4162  4185 E TestRunner: +----------->View{id=-1, visibility=VISIBLE, width=1000, height=3, has-focus=false, has-focusable=false, has-window-focus=true, is-clickable=false, is-enabled=true, is-focused=false, is-focusable=false, is-layout-requested=false, is-selected=false, layout-params=android.widget.RadioGroup$LayoutParams@50e27ec, tag=null, root-is-layout-requested=false, has-input-connection=false, x=0.0, y=254.0}
08-27 20:07:27.217  4162  4185 E TestRunner: |
08-27 20:07:27.217  4162  4185 E TestRunner: +----------->MaterialRadioButton{id=2131230862, res-name=chili, visibility=VISIBLE, width=390, height=120, has-focus=false, has-focusable=true, has-window-focus=true, is-clickable=true, is-enabled=true, is-focused=false, is-focusable=true, is-layout-requested=false, is-selected=false, layout-params=android.widget.RadioGroup$LayoutParams@3b917b5, tag=null, root-is-layout-requested=false, has-input-connection=false, x=0.0, y=257.0, text=Three Bean Chili, input-type=0, ime-target=false, has-links=false, is-checked=false}
08-27 20:07:27.217  4162  4185 E TestRunner: |
08-27 20:07:27.217  4162  4185 E TestRunner: +----------->MaterialTextView{id=2131230863, res-name=chili_description, visibility=VISIBLE, width=1000, height=88, has-focus=false, has-focusable=false, has-window-focus=true, is-clickable=false, is-enabled=true, is-focused=false, is-focusable=false, is-layout-requested=false, is-selected=false, layout-params=android.widget.RadioGroup$LayoutParams@6066e4a, tag=null, root-is-layout-requested=false, has-input-connection=false, x=0.0, y=377.0, text=Black beans, red beans, kidney beans, slow cooked, topped with onion, input-type=0, ime-target=false, has-links=false}
08-27 20:07:27.217  4162  4185 E TestRunner: |
08-27 20:07:27.217  4162  4185 E TestRunner: +----------->MaterialTextView{id=2131230864, res-name=chili_price, visibility=VISIBLE, width=139, height=67, has-focus=false, has-focusable=false, has-window-focus=true, is-clickable=false, is-enabled=true, is-focused=false, is-focusable=false, is-layout-requested=false, is-selected=false, layout-params=android.widget.RadioGroup$LayoutParams@d93b1bb, tag=null, root-is-layout-requested=false, has-input-connection=false, x=0.0, y=465.0, text=₱4.00, input-type=0, ime-target=false, has-links=false}
08-27 20:07:27.217  4162  4185 E TestRunner: |
08-27 20:07:27.217  4162  4185 E TestRunner: +----------->View{id=-1, visibility=VISIBLE, width=1000, height=3, has-focus=false, has-focusable=false, has-window-focus=true, is-clickable=false, is-enabled=true, is-focused=false, is-focusable=false, is-layout-requested=false, is-selected=false, layout-params=android.widget.RadioGroup$LayoutParams@9abd6d8, tag=null, root-is-layout-requested=false, has-input-connection=false, x=0.0, y=552.0}
08-27 20:07:27.217  4162  4185 E TestRunner: |
08-27 20:07:27.217  4162  4185 E TestRunner: +----------->MaterialRadioButton{id=2131231110, res-name=pasta, visibility=VISIBLE, width=405, height=120, has-focus=false, has-focusable=true, has-window-focus=true, is-clickable=true, is-enabled=true, is-focused=false, is-focusable=true, is-layout-requested=false, is-selected=false, layout-params=android.widget.RadioGroup$LayoutParams@cb07a31, tag=null, root-is-layout-requested=false, has-input-connection=false, x=0.0, y=555.0, text=Mushroom Pasta, input-type=0, ime-target=false, has-links=false, is-checked=false}
08-27 20:07:27.217  4162  4185 E TestRunner: |
08-27 20:07:27.217  4162  4185 E TestRunner: +----------->MaterialTextView{id=2131231111, res-name=pasta_description, visibility=VISIBLE, width=1000, height=88, has-focus=false, has-focusable=false, has-window-focus=true, is-clickable=false, is-enabled=true, is-focused=false, is-focusable=false, is-layout-requested=false, is-selected=false, layout-params=android.widget.RadioGroup$LayoutParams@f452516, tag=null, root-is-layout-requested=false, has-input-connection=false, x=0.0, y=675.0, text=Penne pasta, mushrooms, basil, with plum tomatoes cooked in garlic and olive oil, input-type=0, ime-target=false, has-links=false}
08-27 20:07:27.217  4162  4185 E TestRunner: |
08-27 20:07:27.217  4162  4185 E TestRunner: +----------->MaterialTextView{id=2131231112, res-name=pasta_price, visibility=VISIBLE, width=139, height=67, has-focus=false, has-focusable=false, has-window-focus=true, is-clickable=false, is-enabled=true, is-focused=false, is-focusable=false, is-layout-requested=false, is-selected=false, layout-params=android.widget.RadioGroup$LayoutParams@6c1ae97, tag=null, root-is-layout-requested=false, has-input-connection=false, x=0.0, y=763.0, text=₱5.50, input-type=0, ime-target=false, has-links=false}
08-27 20:07:27.217  4162  4185 E TestRunner: |
08-27 20:07:27.217  4162  4185 E TestRunner: +----------->View{id=-1, visibility=VISIBLE, width=1000, height=3, has-focus=false, has-focusable=false, has-window-focus=true, is-clickable=false, is-enabled=true, is-focused=false, is-focusable=false, is-layout-requested=false, is-selected=false, layout-params=android.widget.RadioGroup$LayoutParams@3738884, tag=null, root-is-layout-requested=false, has-input-connection=false, x=0.0, y=850.0}
08-27 20:07:27.217  4162  4185 E TestRunner: |
08-27 20:07:27.217  4162  4185 E TestRunner: +----------->MaterialRadioButton{id=2131231179, res-name=skillet, visibility=VISIBLE, width=532, height=120, has-focus=false, has-focusable=true, has-window-focus=true, is-clickable=true, is-enabled=true, is-focused=false, is-focusable=true, is-layout-requested=false, is-selected=false, layout-params=android.widget.RadioGroup$LayoutParams@5e1886d, tag=null, root-is-layout-requested=false, has-input-connection=false, x=0.0, y=853.0, text=Spicy Black Bean Skillet, input-type=0, ime-target=false, has-links=false, is-checked=false}
08-27 20:07:27.217  4162  4185 E TestRunner: |
08-27 20:07:27.217  4162  4185 E TestRunner: +----------->MaterialTextView{id=2131231180, res-name=skillet_description, visibility=VISIBLE, width=1000, height=88, has-focus=false, has-focusable=false, has-window-focus=true, is-clickable=false, is-enabled=true, is-focused=false, is-focusable=false, is-layout-requested=false, is-selected=false, layout-params=android.widget.RadioGroup$LayoutParams@9e67ca2, tag=null, root-is-layout-requested=false, has-input-connection=false, x=0.0, y=973.0, text=Seasonal vegetables, black beans, house spice blend, served with avocado and quick pickled onions, input-type=0, ime-target=false, has-links=false}
08-27 20:07:27.217  4162  4185 E TestRunner: |
08-27 20:07:27.217  4162  4185 E TestRunner: +----------->MaterialTextView{id=2131231181, res-name=skillet_price, visibility=VISIBLE, width=139, height=67, has-focus=false, has-focusable=false, has-window-focus=true, is-clickable=false, is-enabled=true, is-focused=false, is-focusable=false, is-layout-requested=false, is-selected=false, layout-params=android.widget.RadioGroup$LayoutParams@8689d33, tag=null, root-is-layout-requested=false, has-input-connection=false, x=0.0, y=1061.0, text=₱5.50, input-type=0, ime-target=false, has-links=false}
08-27 20:07:27.217  4162  4185 E TestRunner: |
08-27 20:07:27.217  4162  4185 E TestRunner: +---------->View{id=2131230914, res-name=divider, visibility=VISIBLE, width=1000, height=3, has-focus=false, has-focusable=false, has-window-focus=true, is-clickable=false, is-enabled=true, is-focused=false, is-focusable=false, is-layout-requested=false, is-selected=false, layout-params=androidx.constraintlayout.widget.ConstraintLayout$LayoutParams@ce2a8f0, tag=null, root-is-layout-requested=false, has-input-connection=false, x=40.0, y=1148.0}
08-27 20:07:27.217  4162  4185 E TestRunner: |
08-27 20:07:27.217  4162  4185 E TestRunner: +---------->MaterialTextView{id=2131231221, res-name=subtotal, visibility=VISIBLE, width=281, height=54, has-focus=false, has-focusable=false, has-window-focus=true, is-clickable=false, is-enabled=true, is-focused=false, is-focusable=false, is-layout-requested=false, is-selected=false, layout-params=androidx.constraintlayout.widget.ConstraintLayout$LayoutParams@59b3e69, tag=null, root-is-layout-requested=false, has-input-connection=false, x=759.0, y=1191.0, text=Subtotal: ₱0.00, input-type=0, ime-target=false, has-links=false}
08-27 20:07:27.217  4162  4185 E TestRunner: |
08-27 20:07:27.217  4162  4185 E TestRunner: +---------->MaterialButton{id=2131230846, res-name=cancel_button, visibility=VISIBLE, width=480, height=120, has-focus=false, has-focusable=true, has-window-focus=true, is-clickable=true, is-enabled=true, is-focused=false, is-focusable=true, is-layout-requested=false, is-selected=false, layout-params=androidx.constraintlayout.widget.ConstraintLayout$LayoutParams@e53c0ee, tag=null, root-is-layout-requested=false, has-input-connection=false, x=40.0, y=1285.0, text=Cancel, input-type=0, ime-target=false, has-links=false, is-checked=false}
08-27 20:07:27.217  4162  4185 E TestRunner: |
08-27 20:07:27.217  4162  4185 E TestRunner: +---------->MaterialButton{id=2131231085, res-name=next_button, visibility=VISIBLE, width=480, height=120, has-focus=false, has-focusable=true, has-window-focus=true, is-clickable=true, is-enabled=true, is-focused=false, is-focusable=true, is-layout-requested=false, is-selected=false, layout-params=androidx.constraintlayout.widget.ConstraintLayout$LayoutParams@485d98f, tag=null, root-is-layout-requested=false, has-input-connection=false, x=560.0, y=1285.0, text=Next, input-type=0, ime-target=false, has-links=false, is-checked=false}
08-27 20:07:27.217  4162  4185 E TestRunner: |
