08-27 20:07:18.380  4162  4185 I TestRunner: started: order_reset_after_cancel_from_accompaniment_menu(com.example.lunchtray.OrderFunctionalityTests)
08-27 20:07:18.397  4162  4185 W Settings: Setting always_finish_activities has moved from android.provider.Settings.System to android.provider.Settings.Global, returning read-only value.
08-27 20:07:18.416  1314  1314 I QTI PowerHAL: Power setMode: 5 to: 1
08-27 20:07:18.429  1307  1555 I SDM     : HWCDisplayBuiltIn::GetOptimalRefreshRate: active_refresh_rate_: 60
08-27 20:07:18.441  4162  4162 D LifecycleMonitor: Lifecycle status change: androidx.test.core.app.InstrumentationActivityInvoker$BootstrapActivity@bffe51a in: PRE_ON_CREATE
08-27 20:07:18.443  4162  4162 V ActivityScenario: Activity lifecycle changed event received but ignored because the intent does not match. startActivityIntent=Intent { act=android.intent.action.MAIN cat=[android.intent.category.LAUNCHER] cmp=com.example.lunchtray/.MainActivity }, activity.getIntent()=Intent { act=android.intent.action.MAIN cat=[android.intent.category.LAUNCHER] flg=0x10008000 cmp=com.example.lunchtray/androidx.test.core.app.InstrumentationActivityInvoker$BootstrapActivity (has extras) }, activity=androidx.test.core.app.InstrumentationActivityInvoker$BootstrapActivity@bffe51a
08-27 20:07:18.447  1307  1555 I SDM     : HWCDisplayBuiltIn::GetOptimalRefreshRate: active_refresh_rate_: 60
08-27 20:07:18.454  1307  1555 I SDM     : HWCDisplayBuiltIn::GetOptimalRefreshRate: active_refresh_rate_: 60
08-27 20:07:18.463  4162  4162 D LifecycleMonitor: Lifecycle status change: androidx.test.core.app.InstrumentationActivityInvoker$BootstrapActivity@bffe51a in: CREATED
08-27 20:07:18.464  4162  4162 V ActivityScenario: Activity lifecycle changed event received but ignored because the intent does not match. startActivityIntent=Intent { act=android.intent.action.MAIN cat=[android.intent.category.LAUNCHER] cmp=com.example.lunchtray/.MainActivity }, activity.getIntent()=Intent { act=android.intent.action.MAIN cat=[android.intent.category.LAUNCHER] flg=0x10008000 cmp=com.example.lunchtray/androidx.test.core.app.InstrumentationActivityInvoker$BootstrapActivity (has extras) }, activity=androidx.test.core.app.InstrumentationActivityInvoker$BootstrapActivity@bffe51a
08-27 20:07:18.466  4162  4162 D LifecycleMonitor: Lifecycle status change: androidx.test.core.app.InstrumentationActivityInvoker$BootstrapActivity@bffe51a in: STARTED
08-27 20:07:18.467  4162  4162 V ActivityScenario: Activity lifecycle changed event received but ignored because the intent does not match. startActivityIntent=Intent { act=android.intent.action.MAIN cat=[android.intent.category.LAUNCHER] cmp=com.example.lunchtray/.MainActivity }, activity.getIntent()=Intent { act=android.intent.action.MAIN cat=[android.intent.category.LAUNCHER] flg=0x10008000 cmp=com.example.lunchtray/androidx.test.core.app.InstrumentationActivityInvoker$BootstrapActivity (has extras) }, activity=androidx.test.core.app.InstrumentationActivityInvoker$BootstrapActivity@bffe51a
08-27 20:07:18.486  1314  1314 I QTI PowerHAL: Power setBoost: 0, duration: 0
08-27 20:07:18.494  1314  1314 I QTI PowerHAL: Power setMode: 5 to: 1
08-27 20:07:18.496  1307  1555 I SDM     : HWCDisplayBuiltIn::GetOptimalRefreshRate: active_refresh_rate_: 60
08-27 20:07:18.498  4162  4162 D LifecycleMonitor: Lifecycle status change: androidx.test.core.app.InstrumentationActivityInvoker$BootstrapActivity@bffe51a in: RESUMED
08-27 20:07:18.499  4162  4162 V ActivityScenario: Activity lifecycle changed event received but ignored because the intent does not match. startActivityIntent=Intent { act=android.intent.action.MAIN cat=[android.intent.category.LAUNCHER] cmp=com.example.lunchtray/.MainActivity }, activity.getIntent()=Intent { act=android.intent.action.MAIN cat=[android.intent.category.LAUNCHER] flg=0x10008000 cmp=com.example.lunchtray/androidx.test.core.app.InstrumentationActivityInvoker$BootstrapActivity (has extras) }, activity=androidx.test.core.app.InstrumentationActivityInvoker$BootstrapActivity@bffe51a
08-27 20:07:18.503  4162  4162 D LifecycleMonitor: Lifecycle status change: androidx.test.core.app.InstrumentationActivityInvoker$BootstrapActivity@bffe51a in: PAUSED
08-27 20:07:18.504  4162  4162 V ActivityScenario: Activity lifecycle changed event received but ignored because the intent does not match. startActivityIntent=Intent { act=android.intent.action.MAIN cat=[android.intent.category.LAUNCHER] cmp=com.example.lunchtray/.MainActivity }, activity.getIntent()=Intent { act=android.intent.action.MAIN cat=[android.intent.category.LAUNCHER] flg=0x10008000 cmp=com.example.lunchtray/androidx.test.core.app.InstrumentationActivityInvoker$BootstrapActivity (has extras) }, activity=androidx.test.core.app.InstrumentationActivityInvoker$BootstrapActivity@bffe51a
08-27 20:07:18.506  1307  1555 I SDM     : HWCDisplayBuiltIn::GetOptimalRefreshRate: active_refresh_rate_: 60
08-27 20:07:18.521  1307  1555 I SDM     : HWCDisplayBuiltIn::GetOptimalRefreshRate: active_refresh_rate_: 60
08-27 20:07:18.529  1307  1555 I SDM     : HWCDisplayBuiltIn::GetOptimalRefreshRate: active_refresh_rate_: 60
08-27 20:07:18.534 19745 19745 I GsaVoiceInteractionSrv: Handling ACTION_STOP_HOTWORD
08-27 20:07:18.537  1307  1555 I SDM     : HWCDisplayBuiltIn::GetOptimalRefreshRate: active_refresh_rate_: 60
08-27 20:07:18.544  4162  4162 D LifecycleMonitor: Lifecycle status change: com.example.lunchtray.MainActivity@50e3a3b in: PRE_ON_CREATE
08-27 20:07:18.545  4162  4162 V ActivityScenario: Activity lifecycle changed event received but ignored because the reported transition was not ON_CREATE while the last known transition was PRE_ON_CREATE
08-27 20:07:18.554  1307  1555 I SDM     : HWCDisplayBuiltIn::GetOptimalRefreshRate: active_refresh_rate_: 60
08-27 20:07:18.556 26757 26770 I system_server: Background concurrent copying GC freed 405561(21MB) AllocSpace objects, 47(4948KB) LOS objects, 30% free, 55MB/79MB, paused 362us,176us total 189.863ms
08-27 20:07:18.562 26757 26772 W System  : A resource failed to call close.
08-27 20:07:18.562 26757 26772 W System  : A resource failed to call release.
08-27 20:07:18.563  1307  1555 I SDM     : HWCDisplayBuiltIn::GetOptimalRefreshRate: active_refresh_rate_: 60
08-27 20:07:18.566 26757 26772 W System  : A resource failed to call close.
08-27 20:07:18.567 26757 26772 W System  : A resource failed to call close.
08-27 20:07:18.567 26757 26772 W System  : A resource failed to call close.
08-27 20:07:18.570 26757 26772 W System  : A resource failed to call close.
08-27 20:07:18.571  1307  1555 I SDM     : HWCDisplayBuiltIn::GetOptimalRefreshRate: active_refresh_rate_: 60
08-27 20:07:18.579  1307  1555 I SDM     : HWCDisplayBuiltIn::GetOptimalRefreshRate: active_refresh_rate_: 60
08-27 20:07:18.586  1314  1314 I QTI PowerHAL: Power setBoost: 0, duration: 0
08-27 20:07:18.588  1307  1555 I SDM     : HWCDisplayBuiltIn::GetOptimalRefreshRate: active_refresh_rate_: 60
08-27 20:07:18.596  1307  1555 I SDM     : HWCDisplayBuiltIn::GetOptimalRefreshRate: active_refresh_rate_: 60
08-27 20:07:18.604  1307  1555 I SDM     : HWCDisplayBuiltIn::GetOptimalRefreshRate: active_refresh_rate_: 60
08-27 20:07:18.620  1307  1555 I SDM     : HWCDisplayBuiltIn::GetOptimalRefreshRate: active_refresh_rate_: 60
08-27 20:07:18.637  1307  1555 I SDM     : HWCDisplayBuiltIn::GetOptimalRefreshRate: active_refresh_rate_: 60
08-27 20:07:18.654  1307  1555 I SDM     : HWCDisplayBuiltIn::GetOptimalRefreshRate: active_refresh_rate_: 60
08-27 20:07:18.662  4162  4162 W ample.lunchtra: Accessing hidden method Landroid/view/View;->computeFitSystemWindows(Landroid/graphics/Rect;Landroid/graphics/Rect;)Z (unsupported, reflection, allowed)
08-27 20:07:18.663  4162  4162 W ample.lunchtra: Accessing hidden method Landroid/view/ViewGroup;->makeOptionalFitsSystemWindows()V (unsupported, reflection, allowed)
08-27 20:07:18.671  1307  1555 I SDM     : HWCDisplayBuiltIn::GetOptimalRefreshRate: active_refresh_rate_: 60
08-27 20:07:18.683  4162  4162 D LifecycleMonitor: Lifecycle status change: com.example.lunchtray.MainActivity@50e3a3b in: CREATED
08-27 20:07:18.683  4162  4162 V ActivityScenario: Update currentActivityStage to CREATED, currentActivity=com.example.lunchtray.MainActivity@50e3a3b
08-27 20:07:18.687  1307  1555 I SDM     : HWCDisplayBuiltIn::GetOptimalRefreshRate: active_refresh_rate_: 60
08-27 20:07:18.704  1307  1555 I SDM     : HWCDisplayBuiltIn::GetOptimalRefreshRate: active_refresh_rate_: 60
08-27 20:07:18.716  4162  4162 D LifecycleMonitor: Lifecycle status change: com.example.lunchtray.MainActivity@50e3a3b in: STARTED
08-27 20:07:18.717  4162  4162 V ActivityScenario: Update currentActivityStage to STARTED, currentActivity=com.example.lunchtray.MainActivity@50e3a3b
08-27 20:07:18.719  4162  4162 D LifecycleMonitor: Lifecycle status change: com.example.lunchtray.MainActivity@50e3a3b in: RESUMED
08-27 20:07:18.720  4162  4162 V ActivityScenario: Update currentActivityStage to RESUMED, currentActivity=com.example.lunchtray.MainActivity@50e3a3b
08-27 20:07:18.721  1307  1555 I SDM     : HWCDisplayBuiltIn::GetOptimalRefreshRate: active_refresh_rate_: 60
08-27 20:07:18.738  1307  1555 I SDM     : HWCDisplayBuiltIn::GetOptimalRefreshRate: active_refresh_rate_: 60
08-27 20:07:18.755  1307  1555 I SDM     : HWCDisplayBuiltIn::GetOptimalRefreshRate: active_refresh_rate_: 60
08-27 20:07:18.772  1307  1555 I SDM     : HWCDisplayBuiltIn::GetOptimalRefreshRate: active_refresh_rate_: 60
08-27 20:07:18.787 31758 31758 I A       : (REDACTED) onApplyWindowInsets: systemWindowInsets=%s
08-27 20:07:18.788 31758 31758 I A       : (REDACTED) onApplyWindowInsets: systemWindowInsets=%s
08-27 20:07:18.791 26757 26797 I ActivityTaskManager: Displayed com.example.lunchtray/.MainActivity: +376ms
08-27 20:07:18.792  1307  1555 I SDM     : HWCDisplayBuiltIn::GetOptimalRefreshRate: active_refresh_rate_: 60
08-27 20:07:18.806  1307  1555 I SDM     : HWCDisplayBuiltIn::GetOptimalRefreshRate: active_refresh_rate_: 60
08-27 20:07:18.814 31916 31916 I GoogleInputMethodService: GoogleInputMethodService.onFinishInput():3273
08-27 20:07:18.815 31916 31916 I GoogleInputMethodService: GoogleInputMethodService.updateDeviceLockedStatus():2165 repeatCheckTimes = 0, unlocked = true
08-27 20:07:18.815 31916 31916 I GoogleInputMethodService: GoogleInputMethodService.onStartInput():1956 onStartInput(EditorInfo{inputType=0x0(NULL) imeOptions=0x0 privateImeOptions=null actionName=UNSPECIFIED actionLabel=null actionId=0 initialSelStart=-1 initialSelEnd=-1 initialCapsMode=0x0 hintText=null label=null packageName=com.example.lunchtray fieldId=-1 fieldName=null extras=null}, false)
08-27 20:07:18.815 31916 31916 I GoogleInputMethodService: GoogleInputMethodService.shouldHideHeaderOnInitialState():4081 ShouldHideHeaderOnInitialState = false
08-27 20:07:18.817 31916 31916 I GoogleInputMethodService: GoogleInputMethodService.updateDeviceLockedStatus():2165 repeatCheckTimes = 2, unlocked = true
08-27 20:07:18.823  1307  1555 I SDM     : HWCDisplayBuiltIn::GetOptimalRefreshRate: active_refresh_rate_: 60
08-27 20:07:18.825  4162  4162 I ViewInteraction: Performing 'single click' action on view view.getId() is <2131231212/com.example.lunchtray:id/start_order_btn>
08-27 20:07:18.828  1314  1314 I QTI PowerHAL: Power setMode: 5 to: 0
08-27 20:07:18.829  1314  1314 I QTI PowerHAL: Power setBoost: 0, duration: 0
08-27 20:07:18.833  1314  1314 I QTI PowerHAL: Power setBoost: 0, duration: 0
08-27 20:07:18.835  4162  4162 D LifecycleMonitor: Lifecycle status change: androidx.test.core.app.InstrumentationActivityInvoker$BootstrapActivity@bffe51a in: STOPPED
08-27 20:07:18.836  4162  4162 V ActivityScenario: Activity lifecycle changed event received but ignored because the intent does not match. startActivityIntent=Intent { act=android.intent.action.MAIN cat=[android.intent.category.LAUNCHER] cmp=com.example.lunchtray/.MainActivity }, activity.getIntent()=Intent { act=android.intent.action.MAIN cat=[android.intent.category.LAUNCHER] flg=0x10008000 cmp=com.example.lunchtray/androidx.test.core.app.InstrumentationActivityInvoker$BootstrapActivity (has extras) }, activity=androidx.test.core.app.InstrumentationActivityInvoker$BootstrapActivity@bffe51a
08-27 20:07:18.839  1307  1555 I SDM     : HWCDisplayBuiltIn::GetOptimalRefreshRate: active_refresh_rate_: 60
08-27 20:07:18.856  1307  1555 I SDM     : HWCDisplayBuiltIn::GetOptimalRefreshRate: active_refresh_rate_: 60
08-27 20:07:18.871  1307  1555 I SDM     : HWCDisplayBuiltIn::GetOptimalRefreshRate: active_refresh_rate_: 60
08-27 20:07:18.879  1307  1555 I SDM     : HWCDisplayBuiltIn::GetOptimalRefreshRate: active_refresh_rate_: 60
08-27 20:07:18.887  1307  1555 I SDM     : HWCDisplayBuiltIn::GetOptimalRefreshRate: active_refresh_rate_: 60
08-27 20:07:18.895  1307  1555 I SDM     : HWCDisplayBuiltIn::GetOptimalRefreshRate: active_refresh_rate_: 60
08-27 20:07:18.905  1307  1555 I SDM     : HWCDisplayBuiltIn::GetOptimalRefreshRate: active_refresh_rate_: 60
08-27 20:07:18.913  1307  1555 I SDM     : HWCDisplayBuiltIn::GetOptimalRefreshRate: active_refresh_rate_: 60
08-27 20:07:18.921  1307  1555 I SDM     : HWCDisplayBuiltIn::GetOptimalRefreshRate: active_refresh_rate_: 60
08-27 20:07:18.930  1307  1555 I SDM     : HWCDisplayBuiltIn::GetOptimalRefreshRate: active_refresh_rate_: 60
08-27 20:07:18.938  1307  1555 I SDM     : HWCDisplayBuiltIn::GetOptimalRefreshRate: active_refresh_rate_: 60
08-27 20:07:18.946  1307  1555 I SDM     : HWCDisplayBuiltIn::GetOptimalRefreshRate: active_refresh_rate_: 60
08-27 20:07:18.954  1307  1555 I SDM     : HWCDisplayBuiltIn::GetOptimalRefreshRate: active_refresh_rate_: 60
08-27 20:07:18.971  1307  1555 I SDM     : HWCDisplayBuiltIn::GetOptimalRefreshRate: active_refresh_rate_: 60
08-27 20:07:18.979  1307  1555 I SDM     : HWCDisplayBuiltIn::GetOptimalRefreshRate: active_refresh_rate_: 60
08-27 20:07:18.988  1307  1555 I SDM     : HWCDisplayBuiltIn::GetOptimalRefreshRate: active_refresh_rate_: 60
08-27 20:07:19.004  1307  1555 I SDM     : HWCDisplayBuiltIn::GetOptimalRefreshRate: active_refresh_rate_: 60
08-27 20:07:19.038  1307  1555 I SDM     : HWCDisplayBuiltIn::GetOptimalRefreshRate: active_refresh_rate_: 60
08-27 20:07:19.063  1307  1555 I SDM     : HWCDisplayBuiltIn::GetOptimalRefreshRate: active_refresh_rate_: 60
08-27 20:07:19.079  1307  1555 I SDM     : HWCDisplayBuiltIn::GetOptimalRefreshRate: active_refresh_rate_: 60
08-27 20:07:19.081 26757 26777 W InputManager-JNI: Input channel object '4b5ab1e Splash Screen com.example.lunchtray (client)' was disposed without first being removed with the input manager!
08-27 20:07:19.085  1314  1314 I QTI PowerHAL: Power setBoost: 0, duration: 0
08-27 20:07:19.095  1307  1555 I SDM     : HWCDisplayBuiltIn::GetOptimalRefreshRate: active_refresh_rate_: 60
08-27 20:07:19.104  1307  1555 I SDM     : HWCDisplayBuiltIn::GetOptimalRefreshRate: active_refresh_rate_: 60
08-27 20:07:19.109  4162  4175 I OpenGLRenderer: Davey! duration=9222821463480ms; Flags=0, FrameTimelineVsyncId=57594974, IntendedVsync=550573373930401, Vsync=550573490597063, InputEventId=0, HandleInputStart=550573490959531, AnimationStart=550573490965156, PerformTraversalsStart=550573491515521, DrawStart=550573525264430, FrameDeadline=550573397930400, FrameInterval=550573490943177, FrameStartTime=8333333, SyncQueued=550573535747921, SyncStart=550573535835421, IssueDrawCommandsStart=550573536501879, SwapBuffers=550573562376257, FrameCompleted=9223372036854775807, DequeueBufferDuration=45313, QueueBufferDuration=709480, GpuCompleted=9223372036854775807, SwapBuffersCompleted=550573563646570, DisplayPresentTime=0,
08-27 20:07:19.113  1307  1555 I SDM     : HWCDisplayBuiltIn::GetOptimalRefreshRate: active_refresh_rate_: 60
08-27 20:07:19.121  1307  1555 I SDM     : HWCDisplayBuiltIn::GetOptimalRefreshRate: active_refresh_rate_: 60
08-27 20:07:19.129  1307  1555 I SDM     : HWCDisplayBuiltIn::GetOptimalRefreshRate: active_refresh_rate_: 60
08-27 20:07:19.137  1307  1555 I SDM     : HWCDisplayBuiltIn::GetOptimalRefreshRate: active_refresh_rate_: 60
08-27 20:07:19.146  1307  1555 I SDM     : HWCDisplayBuiltIn::GetOptimalRefreshRate: active_refresh_rate_: 60
08-27 20:07:19.154  1307  1555 I SDM     : HWCDisplayBuiltIn::GetOptimalRefreshRate: active_refresh_rate_: 60
08-27 20:07:19.162  1307  1555 I SDM     : HWCDisplayBuiltIn::GetOptimalRefreshRate: active_refresh_rate_: 60
08-27 20:07:19.171  1307  1555 I SDM     : HWCDisplayBuiltIn::GetOptimalRefreshRate: active_refresh_rate_: 60
08-27 20:07:19.179  1307  1555 I SDM     : HWCDisplayBuiltIn::GetOptimalRefreshRate: active_refresh_rate_: 60
08-27 20:07:19.187  1307  1555 I SDM     : HWCDisplayBuiltIn::GetOptimalRefreshRate: active_refresh_rate_: 60
08-27 20:07:19.196  1307  1555 I SDM     : HWCDisplayBuiltIn::GetOptimalRefreshRate: active_refresh_rate_: 60
08-27 20:07:19.204  1307  1555 I SDM     : HWCDisplayBuiltIn::GetOptimalRefreshRate: active_refresh_rate_: 60
08-27 20:07:19.212  1307  1555 I SDM     : HWCDisplayBuiltIn::GetOptimalRefreshRate: active_refresh_rate_: 60
08-27 20:07:19.223  1307  1555 I SDM     : HWCDisplayBuiltIn::GetOptimalRefreshRate: active_refresh_rate_: 60
08-27 20:07:19.238  1307  1555 I SDM     : HWCDisplayBuiltIn::GetOptimalRefreshRate: active_refresh_rate_: 60
08-27 20:07:19.249  1307  1555 I SDM     : HWCDisplayBuiltIn::GetOptimalRefreshRate: active_refresh_rate_: 60
08-27 20:07:19.327  4162  4162 I ViewInteraction: Performing 'single click' action on view view.getId() is <2131230848/com.example.lunchtray:id/cauliflower>
08-27 20:07:19.330  1314  1314 I QTI PowerHAL: Power setBoost: 0, duration: 0
08-27 20:07:19.331  1314  1314 I QTI PowerHAL: Power setBoost: 0, duration: 0
08-27 20:07:19.394  1307  1555 I SDM     : HWCDisplayBuiltIn::GetOptimalRefreshRate: active_refresh_rate_: 60
08-27 20:07:19.470  1307  1555 I SDM     : HWCDisplayBuiltIn::GetOptimalRefreshRate: active_refresh_rate_: 60
08-27 20:07:19.486  1307  1555 I SDM     : HWCDisplayBuiltIn::GetOptimalRefreshRate: active_refresh_rate_: 60
08-27 20:07:19.632  4162  4162 I ViewInteraction: Performing 'single click' action on view view.getId() is <2131231085/com.example.lunchtray:id/next_button>
08-27 20:07:19.637  1314  1314 I QTI PowerHAL: Power setBoost: 0, duration: 0
08-27 20:07:19.639  1314  1314 I QTI PowerHAL: Power setBoost: 0, duration: 0
08-27 20:07:19.803 27485 27485 D QtiCarrierConfigHelper: WARNING, no carrier configs on phone Id: 1
08-27 20:07:19.809 27559 27559 V DeviceStatisticsService: chargerType=2 batteryLevel=98 totalBatteryCapacity=5985000
08-27 20:07:19.819  1307  1555 I SDM     : HWCDisplayBuiltIn::GetOptimalRefreshRate: active_refresh_rate_: 60
08-27 20:07:19.827  1307  1555 I SDM     : HWCDisplayBuiltIn::GetOptimalRefreshRate: active_refresh_rate_: 60
08-27 20:07:19.903  1307  1555 I SDM     : HWCDisplayBuiltIn::GetOptimalRefreshRate: active_refresh_rate_: 60
08-27 20:07:19.919  1307  1555 I SDM     : HWCDisplayBuiltIn::GetOptimalRefreshRate: active_refresh_rate_: 60
08-27 20:07:20.033  4162  4162 I ViewInteraction: Performing 'single click' action on view view.getId() is <2131231191/com.example.lunchtray:id/soup>
08-27 20:07:20.038  1314  1314 I QTI PowerHAL: Power setBoost: 0, duration: 0
08-27 20:07:20.039  1314  1314 I QTI PowerHAL: Power setBoost: 0, duration: 0
08-27 20:07:20.342  4162  4162 I ViewInteraction: Performing 'single click' action on view view.getId() is <2131231085/com.example.lunchtray:id/next_button>
08-27 20:07:20.347  1314  1314 I QTI PowerHAL: Power setBoost: 0, duration: 0
08-27 20:07:20.349  1314  1314 I QTI PowerHAL: Power setBoost: 0, duration: 0
08-27 20:07:20.408  4162  4162 W UiControllerImpl: ignoring signal of: MOTION_INJECTION_HAS_COMPLETED from previous generation: 101 current generation: 102
08-27 20:07:20.412  4162  4185 E TestRunner: failed: order_reset_after_cancel_from_accompaniment_menu(com.example.lunchtray.OrderFunctionalityTests)
08-27 20:07:20.412  4162  4185 E TestRunner: ----- begin exception -----
08-27 20:07:20.415  4162  4185 E TestRunner: androidx.test.espresso.PerformException: Error performing 'single click - At Coordinates: 799, 1517 and precision: 16, 16' on view 'Animations or transitions are enabled on the target device.
08-27 20:07:20.415  4162  4185 E TestRunner: For more info check: https://developer.android.com/training/testing/espresso/setup#set-up-environment
08-27 20:07:20.415  4162  4185 E TestRunner:
08-27 20:07:20.415  4162  4185 E TestRunner: view.getId() is <2131231085/com.example.lunchtray:id/next_button>'.
08-27 20:07:20.415  4162  4185 E TestRunner: 	at androidx.test.espresso.PerformException$Builder.build(PerformException.java:1)
08-27 20:07:20.415  4162  4185 E TestRunner: 	at androidx.test.espresso.base.DefaultFailureHandler.getUserFriendlyError(DefaultFailureHandler.java:9)
08-27 20:07:20.415  4162  4185 E TestRunner: 	at androidx.test.espresso.base.DefaultFailureHandler.handle(DefaultFailureHandler.java:7)
08-27 20:07:20.415  4162  4185 E TestRunner: 	at androidx.test.espresso.ViewInteraction.waitForAndHandleInteractionResults(ViewInteraction.java:8)
08-27 20:07:20.415  4162  4185 E TestRunner: 	at androidx.test.espresso.ViewInteraction.desugaredPerform(ViewInteraction.java:11)
08-27 20:07:20.415  4162  4185 E TestRunner: 	at androidx.test.espresso.ViewInteraction.perform(ViewInteraction.java:4)
08-27 20:07:20.415  4162  4185 E TestRunner: 	at com.example.lunchtray.OrderFunctionalityTests.order_reset_after_cancel_from_accompaniment_menu(OrderFunctionalityTests.kt:240)
08-27 20:07:20.415  4162  4185 E TestRunner: 	at java.lang.reflect.Method.invoke(Native Method)
08-27 20:07:20.415  4162  4185 E TestRunner: 	at org.junit.runners.model.FrameworkMethod$1.runReflectiveCall(FrameworkMethod.java:50)
08-27 20:07:20.415  4162  4185 E TestRunner: 	at org.junit.internal.runners.model.ReflectiveCallable.run(ReflectiveCallable.java:12)
08-27 20:07:20.415  4162  4185 E TestRunner: 	at org.junit.runners.model.FrameworkMethod.invokeExplosively(FrameworkMethod.java:47)
08-27 20:07:20.415  4162  4185 E TestRunner: 	at org.junit.internal.runners.statements.InvokeMethod.evaluate(InvokeMethod.java:17)
08-27 20:07:20.415  4162  4185 E TestRunner: 	at org.junit.runners.ParentRunner.runLeaf(ParentRunner.java:325)
08-27 20:07:20.415  4162  4185 E TestRunner: 	at org.junit.runners.BlockJUnit4ClassRunner.runChild(BlockJUnit4ClassRunner.java:78)
08-27 20:07:20.415  4162  4185 E TestRunner: 	at org.junit.runners.BlockJUnit4ClassRunner.runChild(BlockJUnit4ClassRunner.java:57)
08-27 20:07:20.415  4162  4185 E TestRunner: 	at org.junit.runners.ParentRunner$3.run(ParentRunner.java:290)
08-27 20:07:20.415  4162  4185 E TestRunner: 	at org.junit.runners.ParentRunner$1.schedule(ParentRunner.java:71)
08-27 20:07:20.415  4162  4185 E TestRunner: 	at org.junit.runners.ParentRunner.runChildren(ParentRunner.java:288)
08-27 20:07:20.415  4162  4185 E TestRunner: 	at org.junit.runners.ParentRunner.access$000(ParentRunner.java:58)
08-27 20:07:20.415  4162  4185 E TestRunner: 	at org.junit.runners.ParentRunner$2.evaluate(ParentRunner.java:268)
08-27 20:07:20.415  4162  4185 E TestRunner: 	at org.junit.runners.ParentRunner.run(ParentRunner.java:363)
08-27 20:07:20.415  4162  4185 E TestRunner: 	at androidx.test.ext.junit.runners.AndroidJUnit4.run(AndroidJUnit4.java:162)
08-27 20:07:20.415  4162  4185 E TestRunner: 	at org.junit.runners.Suite.runChild(Suite.java:128)
08-27 20:07:20.415  4162  4185 E TestRunner: 	at org.junit.runners.Suite.runChild(Suite.java:27)
08-27 20:07:20.415  4162  4185 E TestRunner: 	at org.junit.runners.ParentRunner$3.run(ParentRunner.java:290)
08-27 20:07:20.415  4162  4185 E TestRunner: 	at org.junit.runners.ParentRunner$1.schedule(ParentRunner.java:71)
08-27 20:07:20.415  4162  4185 E TestRunner: 	at org.junit.runners.ParentRunner.runChildren(ParentRunner.java:288)
08-27 20:07:20.415  4162  4185 E TestRunner: 	at org.junit.runners.ParentRunner.access$000(ParentRunner.java:58)
08-27 20:07:20.415  4162  4185 E TestRunner: 	at org.junit.runners.ParentRunner$2.evaluate(ParentRunner.java:268)
08-27 20:07:20.415  4162  4185 E TestRunner: 	at org.junit.runners.ParentRunner.run(ParentRunner.java:363)
08-27 20:07:20.415  4162  4185 E TestRunner: 	at org.junit.runner.JUnitCore.run(JUnitCore.java:137)
08-27 20:07:20.415  4162  4185 E TestRunner: 	at org.junit.runner.JUnitCore.run(JUnitCore.java:115)
08-27 20:07:20.415  4162  4185 E TestRunner: 	at androidx.test.internal.runner.TestExecutor.execute(TestExecutor.java:56)
08-27 20:07:20.415  4162  4185 E TestRunner: 	at androidx.test.runner.AndroidJUnitRunner.onStart(AndroidJUnitRunner.java:444)
08-27 20:07:20.415  4162  4185 E TestRunner: 	at android.app.Instrumentation$InstrumentationThread.run(Instrumentation.java:2342)
08-27 20:07:20.415  4162  4185 E TestRunner: Caused by: java.lang.IllegalStateException: Could not find method @{() -> fragment.goToNextScreen()(View) in a parent or ancestor Context for android:onClick attribute defined on view class com.google.android.material.button.MaterialButton with id 'next_button'
08-27 20:07:20.415  4162  4185 E TestRunner: 	at androidx.appcompat.app.AppCompatViewInflater$DeclaredOnClickListener.resolveMethod(AppCompatViewInflater.java:479)
08-27 20:07:20.415  4162  4185 E TestRunner: 	at androidx.appcompat.app.AppCompatViewInflater$DeclaredOnClickListener.onClick(AppCompatViewInflater.java:437)
08-27 20:07:20.415  4162  4185 E TestRunner: 	at android.view.View.performClick(View.java:7467)
08-27 20:07:20.415  4162  4185 E TestRunner: 	at com.google.android.material.button.MaterialButton.performClick(MaterialButton.java:1194)
08-27 20:07:20.415  4162  4185 E TestRunner: 	at android.view.View.performClickInternal(View.java:7444)
08-27 20:07:20.415  4162  4185 E TestRunner: 	at android.view.View.access$3700(View.java:840)
08-27 20:07:20.415  4162  4185 E TestRunner: 	at android.view.View$PerformClick.run(View.java:28831)
08-27 20:07:20.415  4162  4185 E TestRunner: 	at android.os.Handler.handleCallback(Handler.java:978)
08-27 20:07:20.415  4162  4185 E TestRunner: 	at android.os.Handler.dispatchMessage(Handler.java:104)
08-27 20:07:20.415  4162  4185 E TestRunner: 	at androidx.test.espresso.base.Interrogator.loopAndInterrogate(Interrogator.java:14)
08-27 20:07:20.415  4162  4185 E TestRunner: 	at androidx.test.espresso.base.UiControllerImpl.loopUntil(UiControllerImpl.java:8)
08-27 20:07:20.415  4162  4185 E TestRunner: 	at androidx.test.espresso.base.UiControllerImpl.loopUntil(UiControllerImpl.java:1)
08-27 20:07:20.415  4162  4185 E TestRunner: 	at androidx.test.espresso.base.UiControllerImpl.injectMotionEvent(UiControllerImpl.java:6)
08-27 20:07:20.415  4162  4185 E TestRunner: 	at androidx.test.espresso.action.MotionEvents.sendUp(MotionEvents.java:7)
08-27 20:07:20.415  4162  4185 E TestRunner: 	at androidx.test.espresso.action.MotionEvents.sendUp(MotionEvents.java:1)
08-27 20:07:20.415  4162  4185 E TestRunner: 	at androidx.test.espresso.action.Tap.sendSingleTap(Tap.java:5)
08-27 20:07:20.415  4162  4185 E TestRunner: 	at androidx.test.espresso.action.Tap.access$100(Tap.java:1)
08-27 20:07:20.415  4162  4185 E TestRunner: 	at androidx.test.espresso.action.Tap$1.sendTap(Tap.java:3)
08-27 20:07:20.415  4162  4185 E TestRunner: 	at androidx.test.espresso.action.GeneralClickAction.perform(GeneralClickAction.java:6)
08-27 20:07:20.415  4162  4185 E TestRunner: 	at androidx.test.espresso.ViewInteraction$SingleExecutionViewAction.perform(ViewInteraction.java:2)
08-27 20:07:20.415  4162  4185 E TestRunner: 	at androidx.test.espresso.ViewInteraction.doPerform(ViewInteraction.java:22)
08-27 20:07:20.415  4162  4185 E TestRunner: 	at androidx.test.espresso.ViewInteraction.access$100(ViewInteraction.java:1)
08-27 20:07:20.415  4162  4185 E TestRunner: 	at androidx.test.espresso.ViewInteraction$1.call(ViewInteraction.java:2)
08-27 20:07:20.415  4162  4185 E TestRunner: 	at androidx.test.espresso.ViewInteraction$1.call(ViewInteraction.java:1)
08-27 20:07:20.415  4162  4185 E TestRunner: 	at java.util.concurrent.FutureTask.run(FutureTask.java:266)
08-27 20:07:20.415  4162  4185 E TestRunner: 	at android.os.Handler.handleCallback(Handler.java:978)
08-27 20:07:20.415  4162  4185 E TestRunner: 	at android.os.Handler.dispatchMessage(Handler.java:104)
08-27 20:07:20.415  4162  4185 E TestRunner: 	at android.os.Looper.loopOnce(Looper.java:238)
08-27 20:07:20.415  4162  4185 E TestRunner: 	at android.os.Looper.loop(Looper.java:357)
08-27 20:07:20.415  4162  4185 E TestRunner: 	at android.app.ActivityThread.main(ActivityThread.java:8090)
08-27 20:07:20.415  4162  4185 E TestRunner: 	at java.lang.reflect.Method.invoke(Native Method)
08-27 20:07:20.415  4162  4185 E TestRunner: 	at com.android.internal.os.RuntimeInit$MethodAndArgsCaller.run(RuntimeInit.java:548)
08-27 20:07:20.415  4162  4185 E TestRunner: 	at com.android.internal.os.ZygoteInit.main(ZygoteInit.java:1026)
08-27 20:07:20.415  4162  4185 E TestRunner: ----- end exception -----
08-27 20:07:20.430  4162  4185 I TestRunner: finished: order_reset_after_cancel_from_accompaniment_menu(com.example.lunchtray.OrderFunctionalityTests)
